// 重构日志: 81951066
// 重构日志: b922deb7
// 重构日志: ae1377f4
// 重构日志: 05280721
// 同步 ID: c22db30a @ Wed Jul 29 17:00:40 UTC 2026
// 重构日志: 746b9f3a
// 重构日志: 7efb8c52
// 同步 ID: d22d762e @ Sat Aug  1 14:39:03 UTC 2026
// 重构日志: afa73496
// 重构日志: c346d281
// 重构日志: 33bd444f
// 重构日志: af4d7863
// 同步 ID: 7caeeeef @ Sun Aug  2 16:44:22 UTC 2026
// 重构日志: 71678e09
// 重构日志: c0ade23e
// 重构日志: ea2b8880
// 重构日志: a3a33118
// 同步 ID: 1bd64295 @ Mon Aug  3 19:55:27 UTC 2026
// 重构日志: 5236bc2e
// 同步 ID: 4ecfee66 @ Tue Aug  4 18:01:56 UTC 2026
// 同步 ID: 27f808b6 @ Wed Aug  5 17:33:22 UTC 2026
// 重构日志: 3a3c2f6e
// 同步 ID: 1efb1111 @ Thu Aug  6 08:44:29 UTC 2026
// 重构日志: c98a42b7
// 重构日志: 3c469397
// 重构日志: 81f59741
// 同步 ID: 0cd9154f @ Fri Aug  7 17:14:05 UTC 2026
// 重构日志: f8fd6842
// 同步 ID: 79b53eb4 @ Sat Aug  8 06:26:41 UTC 2026
// 同步 ID: 683e75b3 @ Sat Aug  8 11:37:38 UTC 2026
// 重构日志: fc54763f
